2021-06-26 19:56:26,734 INFO     test_get_cookies.py
2021-06-26 19:56:26,742 CRITICAL File: 'This_is_not_a_file.csv' not found. Please check the file name and try again.
Exiting.
2021-06-26 19:56:26,743 WARNING  Skipped 80 malformed line(s).
2021-06-26 19:56:26,745 WARNING  Skipped 40 malformed line(s).
2021-06-26 19:56:26,746 WARNING  Error: Invalid date 'None'. Please use 'YYYY-MM-DD' format.
2021-06-26 19:56:26,746 WARNING  Error: Invalid date 'None'. Please use 'YYYY-MM-DD' format.
2021-06-26 19:56:26,746 WARNING  Error: Invalid date 'None'. Please use 'YYYY-MM-DD' format.
2021-06-26 19:56:26,746 WARNING  Error: Invalid date 'None'. Please use 'YYYY-MM-DD' format.
2021-06-26 19:56:26,746 WARNING  Error: Invalid date 'None'. Please use 'YYYY-MM-DD' format.
2021-06-26 19:56:26,747 WARNING  Value Error: Invalid date '2019-02-29'. Please use 'YYYY-MM-DD' format.
2021-06-26 19:56:26,747 WARNING  Value Error: Invalid date '0000-01-01'. Please use 'YYYY-MM-DD' format.
2021-06-26 19:56:26,748 WARNING  Value Error: Invalid date 'garbage string'. Please use 'YYYY-MM-DD' format.
2021-06-26 19:56:26,748 WARNING  Error: Invalid date '19971'. Please use 'YYYY-MM-DD' format.
2021-06-26 19:56:26,748 INFO     Exiting
----------------------------------------------------------------------
2021-06-26 19:57:00,720 INFO     test_get_cookies.py
2021-06-26 19:57:00,726 CRITICAL File: 'This_is_not_a_file.csv' not found. Please check the file name and try again.
Exiting.
2021-06-26 19:57:00,726 WARNING  Skipped 80 malformed line(s).
2021-06-26 19:57:00,727 WARNING  Skipped 40 malformed line(s).
2021-06-26 19:57:00,727 WARNING  Error: Invalid date 'None'. Please use 'YYYY-MM-DD' format.
2021-06-26 19:57:00,728 WARNING  Error: Invalid date 'None'. Please use 'YYYY-MM-DD' format.
2021-06-26 19:57:00,728 WARNING  Error: Invalid date 'None'. Please use 'YYYY-MM-DD' format.
2021-06-26 19:57:00,728 WARNING  Error: Invalid date 'None'. Please use 'YYYY-MM-DD' format.
2021-06-26 19:57:00,728 WARNING  Error: Invalid date 'None'. Please use 'YYYY-MM-DD' format.
2021-06-26 19:57:00,729 WARNING  Value Error: Invalid date '2019-02-29'. Please use 'YYYY-MM-DD' format.
2021-06-26 19:57:00,729 WARNING  Value Error: Invalid date '0000-01-01'. Please use 'YYYY-MM-DD' format.
2021-06-26 19:57:00,729 WARNING  Value Error: Invalid date 'garbage string'. Please use 'YYYY-MM-DD' format.
2021-06-26 19:57:00,729 WARNING  Error: Invalid date '19971'. Please use 'YYYY-MM-DD' format.
2021-06-26 19:57:00,729 INFO     Exiting
----------------------------------------------------------------------
